00:29:32 **** Incremental Build of configuration Debug for project modified_servo_test ****
make -j16 all 
arm-none-eabi-size  modified_servo_test.elf 
   text	   data	    bss	    dec	    hex	filename
  11956	     20	   1804	  13780	   35d4	modified_servo_test.elf
Finished building: default.size.stdout
 
00:29:37 **** Incremental Build of configuration Debug for project modified_servo_test ****
make -j16 all 
arm-none-eabi-size  modified_servo_test.elf 
   text	   data	    bss	    dec	    hex	filename
  11956	     20	   1804	  13780	   35d4	modified_servo_test.elf
Finished building: default.size.stdout
 
00:41:08 **** Incremental Build of configuration Debug for project modified_servo_test ****
make -j16 all 
arm-none-eabi-size  modified_servo_test.elf 
   text	   data	    bss	    dec	    hex	filename
  11956	     20	   1804	  13780	   35d4	modified_servo_test.elf
Finished building: default.size.stdout
 
00:53:27 **** Incremental Build of configuration Debug for project modified_servo_test ****
make -j16 all 
arm-none-eabi-gcc "../Core/Src/main.c" -mcpu=cortex-m4 -std=gnu11 -g3 -DDEBUG -DUSE_HAL_DRIVER -DSTM32F411xE -c -I../Core/Inc -I../Drivers/STM32F4xx_HAL_Driver/Inc -I../Drivers/STM32F4xx_HAL_Driver/Inc/Legacy -I../Drivers/CMSIS/Device/ST/STM32F4xx/Include -I../Drivers/CMSIS/Include -O0 -ffunction-sections -fdata-sections -Wall -fstack-usage -fcyclomatic-complexity -MMD -MP -MF"Core/Src/main.d" -MT"Core/Src/main.o" --specs=nano.specs -mfpu=fpv4-sp-d16 -mfloat-abi=hard -mthumb -o "Core/Src/main.o"
../Core/Src/main.c: In function 'main':
../Core/Src/main.c:108:21: error: 'ADC_REGULAR_RANK_1' undeclared (first use in this function); did you mean 'IS_ADC_REGULAR_RANK'?
  108 |   ADC_CH_Cfg.Rank = ADC_REGULAR_RANK_1;
      |                     ^~~~~~~~~~~~~~~~~~
      |                     IS_ADC_REGULAR_RANK
../Core/Src/main.c:108:21: note: each undeclared identifier is reported only once for each function it appears in
make: *** [Core/Src/subdir.mk:34: Core/Src/main.o] Error 1
"make -j16 all" terminated with exit code 2. Build might be incomplete.
00:55:09 **** Incremental Build of configuration Debug for project modified_servo_test ****
make -j16 all 
arm-none-eabi-gcc "../Core/Src/main.c" -mcpu=cortex-m4 -std=gnu11 -g3 -DDEBUG -DUSE_HAL_DRIVER -DSTM32F411xE -c -I../Core/Inc -I../Drivers/STM32F4xx_HAL_Driver/Inc -I../Drivers/STM32F4xx_HAL_Driver/Inc/Legacy -I../Drivers/CMSIS/Device/ST/STM32F4xx/Include -I../Drivers/CMSIS/Include -O0 -ffunction-sections -fdata-sections -Wall -fstack-usage -fcyclomatic-complexity -MMD -MP -MF"Core/Src/main.d" -MT"Core/Src/main.o" --specs=nano.specs -mfpu=fpv4-sp-d16 -mfloat-abi=hard -mthumb -o "Core/Src/main.o"
arm-none-eabi-gcc -o "modified_servo_test.elf" @"objects.list"   -mcpu=cortex-m4 -T"/mnt/windows_z/Z/projects/robarm/sourcecode/modified_servo_test/STM32F411CEUX_FLASH.ld" --specs=nosys.specs -Wl,-Map="modified_servo_test.map" -Wl,--gc-sections -static --specs=nano.specs -mfpu=fpv4-sp-d16 -mfloat-abi=hard -mthumb -Wl,--start-group -lc -lm -Wl,--end-group
Finished building target: modified_servo_test.elf
 
arm-none-eabi-size  modified_servo_test.elf 
arm-none-eabi-objdump -h -S modified_servo_test.elf  > "modified_servo_test.list"
   text	   data	    bss	    dec	    hex	filename
  11964	     20	   1804	  13788	   35dc	modified_servo_test.elf
Finished building: default.size.stdout
 
Finished building: modified_servo_test.list
 
01:43:01 **** Incremental Build of configuration Debug for project modified_servo_test ****
make -j16 all 
arm-none-eabi-gcc "../Core/Src/main.c" -mcpu=cortex-m4 -std=gnu11 -g3 -DDEBUG -DUSE_HAL_DRIVER -DSTM32F411xE -c -I../Core/Inc -I../Drivers/STM32F4xx_HAL_Driver/Inc -I../Drivers/STM32F4xx_HAL_Driver/Inc/Legacy -I../Drivers/CMSIS/Device/ST/STM32F4xx/Include -I../Drivers/CMSIS/Include -O0 -ffunction-sections -fdata-sections -Wall -fstack-usage -fcyclomatic-complexity -MMD -MP -MF"Core/Src/main.d" -MT"Core/Src/main.o" --specs=nano.specs -mfpu=fpv4-sp-d16 -mfloat-abi=hard -mthumb -o "Core/Src/main.o"
arm-none-eabi-gcc -o "modified_servo_test.elf" @"objects.list"   -mcpu=cortex-m4 -T"/mnt/windows_z/Z/projects/robarm/sourcecode/modified_servo_test/STM32F411CEUX_FLASH.ld" --specs=nosys.specs -Wl,-Map="modified_servo_test.map" -Wl,--gc-sections -static --specs=nano.specs -mfpu=fpv4-sp-d16 -mfloat-abi=hard -mthumb -Wl,--start-group -lc -lm -Wl,--end-group
Finished building target: modified_servo_test.elf
 
arm-none-eabi-size  modified_servo_test.elf 
arm-none-eabi-objdump -h -S modified_servo_test.elf  > "modified_servo_test.list"
   text	   data	    bss	    dec	    hex	filename
  12200	     20	   1804	  14024	   36c8	modified_servo_test.elf
Finished building: default.size.stdout
 
Finished building: modified_servo_test.list
 
01:45:05 **** Incremental Build of configuration Debug for project modified_servo_test ****
make -j16 all 
arm-none-eabi-gcc "../Core/Src/main.c" -mcpu=cortex-m4 -std=gnu11 -g3 -DDEBUG -DUSE_HAL_DRIVER -DSTM32F411xE -c -I../Core/Inc -I../Drivers/STM32F4xx_HAL_Driver/Inc -I../Drivers/STM32F4xx_HAL_Driver/Inc/Legacy -I../Drivers/CMSIS/Device/ST/STM32F4xx/Include -I../Drivers/CMSIS/Include -O0 -ffunction-sections -fdata-sections -Wall -fstack-usage -fcyclomatic-complexity -MMD -MP -MF"Core/Src/main.d" -MT"Core/Src/main.o" --specs=nano.specs -mfpu=fpv4-sp-d16 -mfloat-abi=hard -mthumb -o "Core/Src/main.o"
arm-none-eabi-gcc -o "modified_servo_test.elf" @"objects.list"   -mcpu=cortex-m4 -T"/mnt/windows_z/Z/projects/robarm/sourcecode/modified_servo_test/STM32F411CEUX_FLASH.ld" --specs=nosys.specs -Wl,-Map="modified_servo_test.map" -Wl,--gc-sections -static --specs=nano.specs -mfpu=fpv4-sp-d16 -mfloat-abi=hard -mthumb -Wl,--start-group -lc -lm -Wl,--end-group
Finished building target: modified_servo_test.elf
 
arm-none-eabi-size  modified_servo_test.elf 
arm-none-eabi-objdump -h -S modified_servo_test.elf  > "modified_servo_test.list"
   text	   data	    bss	    dec	    hex	filename
  12224	     20	   1804	  14048	   36e0	modified_servo_test.elf
Finished building: default.size.stdout
 
Finished building: modified_servo_test.list
 
01:46:21 **** Incremental Build of configuration Debug for project modified_servo_test ****
make -j16 all 
arm-none-eabi-gcc "../Core/Src/main.c" -mcpu=cortex-m4 -std=gnu11 -g3 -DDEBUG -DUSE_HAL_DRIVER -DSTM32F411xE -c -I../Core/Inc -I../Drivers/STM32F4xx_HAL_Driver/Inc -I../Drivers/STM32F4xx_HAL_Driver/Inc/Legacy -I../Drivers/CMSIS/Device/ST/STM32F4xx/Include -I../Drivers/CMSIS/Include -O0 -ffunction-sections -fdata-sections -Wall -fstack-usage -fcyclomatic-complexity -MMD -MP -MF"Core/Src/main.d" -MT"Core/Src/main.o" --specs=nano.specs -mfpu=fpv4-sp-d16 -mfloat-abi=hard -mthumb -o "Core/Src/main.o"
arm-none-eabi-gcc -o "modified_servo_test.elf" @"objects.list"   -mcpu=cortex-m4 -T"/mnt/windows_z/Z/projects/robarm/sourcecode/modified_servo_test/STM32F411CEUX_FLASH.ld" --specs=nosys.specs -Wl,-Map="modified_servo_test.map" -Wl,--gc-sections -static --specs=nano.specs -mfpu=fpv4-sp-d16 -mfloat-abi=hard -mthumb -Wl,--start-group -lc -lm -Wl,--end-group
Finished building target: modified_servo_test.elf
 
arm-none-eabi-size  modified_servo_test.elf 
arm-none-eabi-objdump -h -S modified_servo_test.elf  > "modified_servo_test.list"
   text	   data	    bss	    dec	    hex	filename
  12232	     20	   1804	  14056	   36e8	modified_servo_test.elf
Finished building: default.size.stdout
 
Finished building: modified_servo_test.list
 
01:46:33 **** Incremental Build of configuration Debug for project modified_servo_test ****
make -j16 all 
arm-none-eabi-size  modified_servo_test.elf 
   text	   data	    bss	    dec	    hex	filename
  12232	     20	   1804	  14056	   36e8	modified_servo_test.elf
Finished building: default.size.stdout
 
01:47:29 **** Incremental Build of configuration Debug for project modified_servo_test ****
make -j16 all 
arm-none-eabi-gcc "../Core/Src/main.c" -mcpu=cortex-m4 -std=gnu11 -g3 -DDEBUG -DUSE_HAL_DRIVER -DSTM32F411xE -c -I../Core/Inc -I../Drivers/STM32F4xx_HAL_Driver/Inc -I../Drivers/STM32F4xx_HAL_Driver/Inc/Legacy -I../Drivers/CMSIS/Device/ST/STM32F4xx/Include -I../Drivers/CMSIS/Include -O0 -ffunction-sections -fdata-sections -Wall -fstack-usage -fcyclomatic-complexity -MMD -MP -MF"Core/Src/main.d" -MT"Core/Src/main.o" --specs=nano.specs -mfpu=fpv4-sp-d16 -mfloat-abi=hard -mthumb -o "Core/Src/main.o"
arm-none-eabi-gcc -o "modified_servo_test.elf" @"objects.list"   -mcpu=cortex-m4 -T"/mnt/windows_z/Z/projects/robarm/sourcecode/modified_servo_test/STM32F411CEUX_FLASH.ld" --specs=nosys.specs -Wl,-Map="modified_servo_test.map" -Wl,--gc-sections -static --specs=nano.specs -mfpu=fpv4-sp-d16 -mfloat-abi=hard -mthumb -Wl,--start-group -lc -lm -Wl,--end-group
Finished building target: modified_servo_test.elf
 
arm-none-eabi-size  modified_servo_test.elf 
arm-none-eabi-objdump -h -S modified_servo_test.elf  > "modified_servo_test.list"
   text	   data	    bss	    dec	    hex	filename
  12228	     20	   1804	  14052	   36e4	modified_servo_test.elf
Finished building: default.size.stdout
 
Finished building: modified_servo_test.list
 
01:48:00 **** Incremental Build of configuration Debug for project modified_servo_test ****
make -j16 all 
arm-none-eabi-size  modified_servo_test.elf 
   text	   data	    bss	    dec	    hex	filename
  12228	     20	   1804	  14052	   36e4	modified_servo_test.elf
Finished building: default.size.stdout
 
01:49:07 **** Incremental Build of configuration Debug for project modified_servo_test ****
make -j16 all 
arm-none-eabi-gcc "../Core/Src/main.c" -mcpu=cortex-m4 -std=gnu11 -g3 -DDEBUG -DUSE_HAL_DRIVER -DSTM32F411xE -c -I../Core/Inc -I../Drivers/STM32F4xx_HAL_Driver/Inc -I../Drivers/STM32F4xx_HAL_Driver/Inc/Legacy -I../Drivers/CMSIS/Device/ST/STM32F4xx/Include -I../Drivers/CMSIS/Include -O0 -ffunction-sections -fdata-sections -Wall -fstack-usage -fcyclomatic-complexity -MMD -MP -MF"Core/Src/main.d" -MT"Core/Src/main.o" --specs=nano.specs -mfpu=fpv4-sp-d16 -mfloat-abi=hard -mthumb -o "Core/Src/main.o"
arm-none-eabi-gcc -o "modified_servo_test.elf" @"objects.list"   -mcpu=cortex-m4 -T"/mnt/windows_z/Z/projects/robarm/sourcecode/modified_servo_test/STM32F411CEUX_FLASH.ld" --specs=nosys.specs -Wl,-Map="modified_servo_test.map" -Wl,--gc-sections -static --specs=nano.specs -mfpu=fpv4-sp-d16 -mfloat-abi=hard -mthumb -Wl,--start-group -lc -lm -Wl,--end-group
Finished building target: modified_servo_test.elf
 
arm-none-eabi-size  modified_servo_test.elf 
arm-none-eabi-objdump -h -S modified_servo_test.elf  > "modified_servo_test.list"
   text	   data	    bss	    dec	    hex	filename
  12276	     20	   1804	  14100	   3714	modified_servo_test.elf
Finished building: default.size.stdout
 
Finished building: modified_servo_test.list
 
