01:49:07 **** Incremental Build of configuration Debug for project modified_servo_test ****
make -j16 all 
arm-none-eabi-gcc "../Core/Src/main.c" -mcpu=cortex-m4 -std=gnu11 -g3 -DDEBUG -DUSE_HAL_DRIVER -DSTM32F411xE -c -I../Core/Inc -I../Drivers/STM32F4xx_HAL_Driver/Inc -I../Drivers/STM32F4xx_HAL_Driver/Inc/Legacy -I../Drivers/CMSIS/Device/ST/STM32F4xx/Include -I../Drivers/CMSIS/Include -O0 -ffunction-sections -fdata-sections -Wall -fstack-usage -fcyclomatic-complexity -MMD -MP -MF"Core/Src/main.d" -MT"Core/Src/main.o" --specs=nano.specs -mfpu=fpv4-sp-d16 -mfloat-abi=hard -mthumb -o "Core/Src/main.o"
arm-none-eabi-gcc -o "modified_servo_test.elf" @"objects.list"   -mcpu=cortex-m4 -T"/mnt/windows_z/Z/projects/robarm/sourcecode/modified_servo_test/STM32F411CEUX_FLASH.ld" --specs=nosys.specs -Wl,-Map="modified_servo_test.map" -Wl,--gc-sections -static --specs=nano.specs -mfpu=fpv4-sp-d16 -mfloat-abi=hard -mthumb -Wl,--start-group -lc -lm -Wl,--end-group
Finished building target: modified_servo_test.elf
 
arm-none-eabi-size  modified_servo_test.elf 
arm-none-eabi-objdump -h -S modified_servo_test.elf  > "modified_servo_test.list"
   text	   data	    bss	    dec	    hex	filename
  12276	     20	   1804	  14100	   3714	modified_servo_test.elf
Finished building: default.size.stdout
 
Finished building: modified_servo_test.list
 

01:49:08 Build Finished. 0 errors, 0 warnings. (took 942ms)

