../Core/Src/main.c:76:6:HAL_TIM_PeriodElapsedCallback	16	static
../Core/Src/main.c:90:5:main	8	static
../Core/Src/main.c:246:6:SystemClock_Config	88	static
../Core/Src/main.c:293:13:MX_ADC1_Init	24	static
../Core/Src/main.c:354:13:MX_TIM2_Init	64	static
../Core/Src/main.c:413:13:MX_TIM4_Init	48	static
../Core/Src/main.c:462:13:MX_TIM9_Init	24	static
../Core/Src/main.c:498:13:MX_DMA_Init	16	static
../Core/Src/main.c:516:13:MX_GPIO_Init	40	static
../Core/Src/main.c:560:6:Error_Handler	4	static,ignoring_inline_asm
